../Core/Src/main.c:96:6:HAL_UARTEx_RxEventCallback	56	static
../Core/Src/main.c:137:6:HAL_UART_TxCpltCallback	16	static
../Core/Src/main.c:142:6:SetServoAngle	32	static
../Core/Src/main.c:148:6:ServoInit	8	static
../Core/Src/main.c:195:6:Servo_Test	24	static
../Core/Src/main.c:209:5:main	48	static
../Core/Src/main.c:349:6:SystemClock_Config	88	static
../Core/Src/main.c:388:13:MX_TIM2_Init	48	static
../Core/Src/main.c:439:13:MX_TIM3_Init	48	static
../Core/Src/main.c:490:13:MX_TIM4_Init	48	static
../Core/Src/main.c:549:13:MX_USART1_UART_Init	8	static
../Core/Src/main.c:578:13:MX_DMA_Init	16	static
../Core/Src/main.c:595:13:MX_GPIO_Init	24	static
../Core/Src/main.c:616:6:Error_Handler	4	static,ignoring_inline_asm
